==================
WARNING: ThreadSanitizer: data race (pid=3120946)
  Atomic read of size 1 at 0x7b1800003020 by main thread (mutexes: write M2, write M3049, write M3027):
    #0 pthread_mutex_lock <null> (tap_gui_client+0x473936)
    #1 amdgpu_bo_cpu_map <null> (libdrm_amdgpu.so.1+0x4731)
    #2 __libc_start_call_main csu/../sysdeps/nptl/libc_start_call_main.h:58:16 (libc.so.6+0x29d8f)

  Previous write of size 8 at 0x7b1800003020 by thread T4 (mutexes: write M2871):
    #0 calloc <null> (tap_gui_client+0x4545b7)
    #1 <null> <null> (libdrm_amdgpu.so.1+0x41a7)

  Location is heap block of size 88 at 0x7b1800003000 allocated by thread T4:
    #0 calloc <null> (tap_gui_client+0x4545b7)
    #1 <null> <null> (libdrm_amdgpu.so.1+0x41a7)

  Mutex M2 (0x7f524fc0a480) created at:
    #0 pthread_mutex_init <null> (tap_gui_client+0x4573bd)
    #1 <null> <null> (libGLX.so.0+0x3ccb)

  Mutex M3049 (0x7f524e1d5b80) created at:
    #0 pthread_mutex_lock <null> (tap_gui_client+0x473936)
    #1 <null> <null> (libGLX_mesa.so.0+0x34977)
    #2 __libc_start_call_main csu/../sysdeps/nptl/libc_start_call_main.h:58:16 (libc.so.6+0x29d8f)

  Mutex M3027 (0x7b7c000008e0) created at:
    #0 pthread_mutex_init <null> (tap_gui_client+0x4573bd)
    #1 <null> <null> (radeonsi_dri.so+0x1195b2)
    #2 __libc_start_call_main csu/../sysdeps/nptl/libc_start_call_main.h:58:16 (libc.so.6+0x29d8f)

  Mutex M2871 (0x7b6400022b48) created at:
    #0 pthread_mutex_init <null> (tap_gui_client+0x4573bd)
    #1 amdgpu_device_initialize <null> (libdrm_amdgpu.so.1+0x6fcb)
    #2 __libc_start_call_main csu/../sysdeps/nptl/libc_start_call_main.h:58:16 (libc.so.6+0x29d8f)

  Thread T4 'tap_gui_cl:sh0' (tid=3120996, running) created by main thread at:
    #0 pthread_create <null> (tap_gui_client+0x455b8b)
    #1 <null> <null> (radeonsi_dri.so+0x119673)
    #2 __libc_start_call_main csu/../sysdeps/nptl/libc_start_call_main.h:58:16 (libc.so.6+0x29d8f)

SUMMARY: ThreadSanitizer: data race (/goinfre/cdonaire/The-Answer-Protocol/tap_gui_client+0x473936) in pthread_mutex_lock
==================
==================
WARNING: ThreadSanitizer: data race (pid=3120946)
  Read of size 8 at 0x7b100001c070 by main thread:
    #0 strcmp <null> (tap_gui_client+0x45de52)
    #1 <null> <null> (radeonsi_dri.so+0xc4ddc)
    #2 __libc_start_call_main csu/../sysdeps/nptl/libc_start_call_main.h:58:16 (libc.so.6+0x29d8f)

  Previous write of size 8 at 0x7b100001c070 by thread T13:
    #0 malloc <null> (tap_gui_client+0x45435b)
    #1 <null> <null> (radeonsi_dri.so+0xc7d44)

  Location is heap block of size 64 at 0x7b100001c040 allocated by thread T13:
    #0 malloc <null> (tap_gui_client+0x45435b)
    #1 <null> <null> (radeonsi_dri.so+0xc7d44)

  Thread T13 'tap_gui_cl:gl0' (tid=3121008, running) created by main thread at:
    #0 pthread_create <null> (tap_gui_client+0x455b8b)
    #1 <null> <null> (radeonsi_dri.so+0x119673)
    #2 __libc_start_call_main csu/../sysdeps/nptl/libc_start_call_main.h:58:16 (libc.so.6+0x29d8f)

SUMMARY: ThreadSanitizer: data race (/goinfre/cdonaire/The-Answer-Protocol/tap_gui_client+0x45de52) in strcmp
==================
==================
WARNING: ThreadSanitizer: data race (pid=3120946)
  Read of size 8 at 0x7b100001c030 by main thread:
    #0 strcmp <null> (tap_gui_client+0x45de52)
    #1 <null> <null> (radeonsi_dri.so+0xc4ddc)
    #2 __libc_start_call_main csu/../sysdeps/nptl/libc_start_call_main.h:58:16 (libc.so.6+0x29d8f)

  Previous write of size 1 at 0x7b100001c030 by thread T13:
    #0 memcpy <null> (tap_gui_client+0x45fc4e)
    #1 <null> <null> (radeonsi_dri.so+0xc8246)

  Location is heap block of size 64 at 0x7b100001c000 allocated by thread T13:
    #0 malloc <null> (tap_gui_client+0x45435b)
    #1 <null> <null> (radeonsi_dri.so+0xc7d44)

  Thread T13 'tap_gui_cl:gl0' (tid=3121008, running) created by main thread at:
    #0 pthread_create <null> (tap_gui_client+0x455b8b)
    #1 <null> <null> (radeonsi_dri.so+0x119673)
    #2 __libc_start_call_main csu/../sysdeps/nptl/libc_start_call_main.h:58:16 (libc.so.6+0x29d8f)

SUMMARY: ThreadSanitizer: data race (/goinfre/cdonaire/The-Answer-Protocol/tap_gui_client+0x45de52) in strcmp
==================
==================
WARNING: ThreadSanitizer: data race (pid=3120946)
  Write of size 8 at 0x7b040000a560 by main thread:
    #0 free <null> (tap_gui_client+0x454978)
    #1 <null> <null> (radeonsi_dri.so+0x399e49)
    #2 __libc_start_call_main csu/../sysdeps/nptl/libc_start_call_main.h:58:16 (libc.so.6+0x29d8f)

  Previous write of size 8 at 0x7b040000a560 by thread T13:
    #0 realloc <null> (tap_gui_client+0x4546ef)
    #1 <null> <null> (radeonsi_dri.so+0x399b95)

  Thread T13 'tap_gui_cl:gl0' (tid=3121008, running) created by main thread at:
    #0 pthread_create <null> (tap_gui_client+0x455b8b)
    #1 <null> <null> (radeonsi_dri.so+0x119673)
    #2 __libc_start_call_main csu/../sysdeps/nptl/libc_start_call_main.h:58:16 (libc.so.6+0x29d8f)

SUMMARY: ThreadSanitizer: data race (/goinfre/cdonaire/The-Answer-Protocol/tap_gui_client+0x454978) in free
==================
==================
WARNING: ThreadSanitizer: data race (pid=3120946)
  Read of size 8 at 0x7b7400010500 by main thread:
    #0 memcpy <null> (tap_gui_client+0x45fc4e)
    #1 <null> <null> (radeonsi_dri.so+0x96998b)
    #2 __libc_start_call_main csu/../sysdeps/nptl/libc_start_call_main.h:58:16 (libc.so.6+0x29d8f)

  Previous write of size 8 at 0x7b7400010500 by thread T4:
    #0 malloc <null> (tap_gui_client+0x45435b)
    #1 <null> <null> (radeonsi_dri.so+0x8be7aa)

  Location is heap block of size 2216 at 0x7b7400010400 allocated by thread T4:
    #0 malloc <null> (tap_gui_client+0x45435b)
    #1 <null> <null> (radeonsi_dri.so+0x8be7aa)

  Thread T4 'tap_gui_cl:sh0' (tid=3120996, running) created by main thread at:
    #0 pthread_create <null> (tap_gui_client+0x455b8b)
    #1 <null> <null> (radeonsi_dri.so+0x119673)
    #2 __libc_start_call_main csu/../sysdeps/nptl/libc_start_call_main.h:58:16 (libc.so.6+0x29d8f)

SUMMARY: ThreadSanitizer: data race (/goinfre/cdonaire/The-Answer-Protocol/tap_gui_client+0x45fc4e) in memcpy
==================
==================
WARNING: ThreadSanitizer: data race (pid=3120946)
  Write of size 8 at 0x7b040000a430 by main thread:
    #0 free <null> (tap_gui_client+0x454978)
    #1 <null> <null> (radeonsi_dri.so+0x92a7f4)
    #2 __libc_start_call_main csu/../sysdeps/nptl/libc_start_call_main.h:58:16 (libc.so.6+0x29d8f)

  Previous write of size 8 at 0x7b040000a430 by thread T2:
    #0 realloc <null> (tap_gui_client+0x4546ef)
    #1 <null> <null> (radeonsi_dri.so+0x92e60b)

  Thread T2 'tap_gui_cl:cs0' (tid=3120994, running) created by main thread at:
    #0 pthread_create <null> (tap_gui_client+0x455b8b)
    #1 <null> <null> (radeonsi_dri.so+0x119673)
    #2 __libc_start_call_main csu/../sysdeps/nptl/libc_start_call_main.h:58:16 (libc.so.6+0x29d8f)

SUMMARY: ThreadSanitizer: data race (/goinfre/cdonaire/The-Answer-Protocol/tap_gui_client+0x454978) in free
==================
==================
WARNING: ThreadSanitizer: data race (pid=3120946)
  Read of size 8 at 0x7f524d8521c0 by main thread:
    #0 memcpy <null> (tap_gui_client+0x45fc4e)
    #1 <null> <null> (radeonsi_dri.so+0x8b1477)
    #2 __libc_start_call_main csu/../sysdeps/nptl/libc_start_call_main.h:58:16 (libc.so.6+0x29d8f)

  Previous write of size 8 at 0x7f524d8521c0 by thread T13:
    #0 memcpy <null> (tap_gui_client+0x45fc4e)
    #1 <null> <null> (radeonsi_dri.so+0x66b154)

  Location is heap block of size 214056 at 0x7f524d850000 allocated by main thread:
    #0 calloc <null> (tap_gui_client+0x4545b7)
    #1 <null> <null> (radeonsi_dri.so+0x66e3ae)
    #2 __libc_start_call_main csu/../sysdeps/nptl/libc_start_call_main.h:58:16 (libc.so.6+0x29d8f)

  Thread T13 'tap_gui_cl:gl0' (tid=3121008, running) created by main thread at:
    #0 pthread_create <null> (tap_gui_client+0x455b8b)
    #1 <null> <null> (radeonsi_dri.so+0x119673)
    #2 __libc_start_call_main csu/../sysdeps/nptl/libc_start_call_main.h:58:16 (libc.so.6+0x29d8f)

SUMMARY: ThreadSanitizer: data race (/goinfre/cdonaire/The-Answer-Protocol/tap_gui_client+0x45fc4e) in memcpy
==================
[DEBUG] antes de pollMessages()
[DEBUG] pollMessages() OK, log tiene 1 lineas
[DEBUG] antes de drawMenuWindow()
[DEBUG] drawMenuWindow() OK
==================
WARNING: ThreadSanitizer: data race (pid=3120946)
  Write of size 8 at 0x7b4000010600 by main thread:
    #0 free <null> (tap_gui_client+0x454978)
    #1 <null> <null> (radeonsi_dri.so+0x8b12ce)
    #2 __libc_start_call_main csu/../sysdeps/nptl/libc_start_call_main.h:58:16 (libc.so.6+0x29d8f)

  Previous write of size 8 at 0x7b4000010600 by thread T13:
    #0 posix_memalign <null> (tap_gui_client+0x455648)
    #1 <null> <null> (radeonsi_dri.so+0x8f7d44)

  Thread T13 'tap_gui_cl:gl0' (tid=3121008, running) created by main thread at:
    #0 pthread_create <null> (tap_gui_client+0x455b8b)
    #1 <null> <null> (radeonsi_dri.so+0x119673)
    #2 __libc_start_call_main csu/../sysdeps/nptl/libc_start_call_main.h:58:16 (libc.so.6+0x29d8f)

SUMMARY: ThreadSanitizer: data race (/goinfre/cdonaire/The-Answer-Protocol/tap_gui_client+0x454978) in free
==================
[DEBUG] antes de pollMessages()
[DEBUG] pollMessages() OK, log tiene 1 lineas
[DEBUG] antes de drawMenuWindow()
[DEBUG] drawMenuWindow() OK
[DEBUG] antes de pollMessages()
[DEBUG] pollMessages() OK, log tiene 1 lineas
[DEBUG] antes de drawMenuWindow()
[DEBUG] drawMenuWindow() OK
[DEBUG] antes de pollMessages()
[DEBUG] pollMessages() OK, log tiene 1 lineas
[DEBUG] antes de drawMenuWindow()
[DEBUG] drawMenuWindow() OK
[DEBUG] antes de pollMessages()
[DEBUG] pollMessages() OK, log tiene 1 lineas
[DEBUG] antes de drawMenuWindow()
[DEBUG] drawMenuWindow() OK
[DEBUG] antes de pollMessages()
[DEBUG] pollMessages() OK, log tiene 1 lineas
[DEBUG] antes de drawMenuWindow()
[DEBUG] drawMenuWindow() OK
[DEBUG] antes de pollMessages()
[DEBUG] pollMessages() OK, log tiene 1 lineas
[DEBUG] antes de drawMenuWindow()
[DEBUG] drawMenuWindow() OK
[DEBUG] antes de pollMessages()
[DEBUG] pollMessages() OK, log tiene 1 lineas
[DEBUG] antes de drawMenuWindow()
[DEBUG] drawMenuWindow() OK
[DEBUG] antes de pollMessages()
[DEBUG] pollMessages() OK, log tiene 1 lineas
[DEBUG] antes de drawMenuWindow()
[DEBUG] drawMenuWindow() OK
[DEBUG] antes de pollMessages()
[DEBUG] pollMessages() OK, log tiene 1 lineas
[DEBUG] antes de drawMenuWindow()
[DEBUG] drawMenuWindow() OK
